[2026-08-09T09:58:37.145217672Z]
6019, GPU-fac07577-072e-c021-9ac4-d7dc9b9711af, 14384
[2026-08-09T09:58:37.387051251Z]
6019, GPU-fac07577-072e-c021-9ac4-d7dc9b9711af, 14384
[2026-08-09T09:58:37.608984452Z]
6019, GPU-fac07577-072e-c021-9ac4-d7dc9b9711af, 14384
[2026-08-09T09:58:37.833473409Z]
6019, GPU-fac07577-072e-c021-9ac4-d7dc9b9711af, 14384
[2026-08-09T09:58:38.75792156Z]
6019, GPU-fac07577-072e-c021-9ac4-d7dc9b9711af, 14384
308929, GPU-fac07577-072e-c021-9ac4-d7dc9b9711af, 222
[2026-08-09T09:58:38.295913309Z]
6019, GPU-fac07577-072e-c021-9ac4-d7dc9b9711af, 14384
308929, GPU-fac07577-072e-c021-9ac4-d7dc9b9711af, 712
[2026-08-09T09:58:38.515222326Z]
6019, GPU-fac07577-072e-c021-9ac4-d7dc9b9711af, 14384
308929, GPU-fac07577-072e-c021-9ac4-d7dc9b9711af, 712
[2026-08-09T09:58:38.737392024Z]
6019, GPU-fac07577-072e-c021-9ac4-d7dc9b9711af, 14384
308929, GPU-fac07577-072e-c021-9ac4-d7dc9b9711af, 722
[2026-08-09T09:58:38.957902744Z]
6019, GPU-fac07577-072e-c021-9ac4-d7dc9b9711af, 14384
308929, GPU-fac07577-072e-c021-9ac4-d7dc9b9711af, 722
[2026-08-09T09:58:39.184627360Z]
6019, GPU-fac07577-072e-c021-9ac4-d7dc9b9711af, 14384
308929, GPU-fac07577-072e-c021-9ac4-d7dc9b9711af, 722
