[2026-08-09T09:58:41.519147025Z]
6019, GPU-fac07577-072e-c021-9ac4-d7dc9b9711af, 14384
[2026-08-09T09:58:41.740262498Z]
6019, GPU-fac07577-072e-c021-9ac4-d7dc9b9711af, 14384
[2026-08-09T09:58:41.968943744Z]
6019, GPU-fac07577-072e-c021-9ac4-d7dc9b9711af, 14384
[2026-08-09T09:58:42.198308623Z]
6019, GPU-fac07577-072e-c021-9ac4-d7dc9b9711af, 14384
[2026-08-09T09:58:42.440585999Z]
6019, GPU-fac07577-072e-c021-9ac4-d7dc9b9711af, 14384
[2026-08-09T09:58:42.666952536Z]
6019, GPU-fac07577-072e-c021-9ac4-d7dc9b9711af, 14384
309293, GPU-fac07577-072e-c021-9ac4-d7dc9b9711af, 670
[2026-08-09T09:58:42.888615945Z]
6019, GPU-fac07577-072e-c021-9ac4-d7dc9b9711af, 14384
309293, GPU-fac07577-072e-c021-9ac4-d7dc9b9711af, 712
[2026-08-09T09:58:43.109821899Z]
6019, GPU-fac07577-072e-c021-9ac4-d7dc9b9711af, 14384
309293, GPU-fac07577-072e-c021-9ac4-d7dc9b9711af, 712
[2026-08-09T09:58:43.329727061Z]
6019, GPU-fac07577-072e-c021-9ac4-d7dc9b9711af, 14384
309293, GPU-fac07577-072e-c021-9ac4-d7dc9b9711af, 722
[2026-08-09T09:58:43.549283073Z]
6019, GPU-fac07577-072e-c021-9ac4-d7dc9b9711af, 14384
309293, GPU-fac07577-072e-c021-9ac4-d7dc9b9711af, 722
[2026-08-09T09:58:43.774820261Z]
6019, GPU-fac07577-072e-c021-9ac4-d7dc9b9711af, 14384
309293, GPU-fac07577-072e-c021-9ac4-d7dc9b9711af, 722
