[2026-08-09T10:42:52.72530376Z]
6019, GPU-fac07577-072e-c021-9ac4-d7dc9b9711af, 14384
[2026-08-09T10:42:52.301337862Z]
6019, GPU-fac07577-072e-c021-9ac4-d7dc9b9711af, 14384
[2026-08-09T10:42:52.535278909Z]
6019, GPU-fac07577-072e-c021-9ac4-d7dc9b9711af, 14384
[2026-08-09T10:42:52.762742753Z]
6019, GPU-fac07577-072e-c021-9ac4-d7dc9b9711af, 14384
[2026-08-09T10:42:52.992752513Z]
6019, GPU-fac07577-072e-c021-9ac4-d7dc9b9711af, 14384
390842, GPU-fac07577-072e-c021-9ac4-d7dc9b9711af, 222
[2026-08-09T10:42:53.215512869Z]
6019, GPU-fac07577-072e-c021-9ac4-d7dc9b9711af, 14384
390842, GPU-fac07577-072e-c021-9ac4-d7dc9b9711af, 712
[2026-08-09T10:42:53.435902660Z]
6019, GPU-fac07577-072e-c021-9ac4-d7dc9b9711af, 14384
390842, GPU-fac07577-072e-c021-9ac4-d7dc9b9711af, 712
[2026-08-09T10:42:53.659176788Z]
6019, GPU-fac07577-072e-c021-9ac4-d7dc9b9711af, 14384
390842, GPU-fac07577-072e-c021-9ac4-d7dc9b9711af, 712
[2026-08-09T10:42:53.880688752Z]
6019, GPU-fac07577-072e-c021-9ac4-d7dc9b9711af, 14384
390842, GPU-fac07577-072e-c021-9ac4-d7dc9b9711af, 778
[2026-08-09T10:42:54.100664380Z]
6019, GPU-fac07577-072e-c021-9ac4-d7dc9b9711af, 14384
390842, GPU-fac07577-072e-c021-9ac4-d7dc9b9711af, 778
[2026-08-09T10:42:54.319517694Z]
6019, GPU-fac07577-072e-c021-9ac4-d7dc9b9711af, 14384
390842, GPU-fac07577-072e-c021-9ac4-d7dc9b9711af, 778
[2026-08-09T10:42:54.539479997Z]
6019, GPU-fac07577-072e-c021-9ac4-d7dc9b9711af, 14384
390842, GPU-fac07577-072e-c021-9ac4-d7dc9b9711af, 778
