[2026-08-09T09:50:40.375117691Z]
6019, GPU-fac07577-072e-c021-9ac4-d7dc9b9711af, 14384
[2026-08-09T09:50:40.603790306Z]
6019, GPU-fac07577-072e-c021-9ac4-d7dc9b9711af, 14384
[2026-08-09T09:50:40.828338122Z]
6019, GPU-fac07577-072e-c021-9ac4-d7dc9b9711af, 14384
[2026-08-09T09:50:41.54201629Z]
6019, GPU-fac07577-072e-c021-9ac4-d7dc9b9711af, 14384
[2026-08-09T09:50:41.275763280Z]
6019, GPU-fac07577-072e-c021-9ac4-d7dc9b9711af, 14384
[2026-08-09T09:50:41.521640976Z]
6019, GPU-fac07577-072e-c021-9ac4-d7dc9b9711af, 14384
290357, GPU-fac07577-072e-c021-9ac4-d7dc9b9711af, 410
[2026-08-09T09:50:41.752293989Z]
6019, GPU-fac07577-072e-c021-9ac4-d7dc9b9711af, 14384
290357, GPU-fac07577-072e-c021-9ac4-d7dc9b9711af, 712
[2026-08-09T09:50:41.972515504Z]
6019, GPU-fac07577-072e-c021-9ac4-d7dc9b9711af, 14384
290357, GPU-fac07577-072e-c021-9ac4-d7dc9b9711af, 712
[2026-08-09T09:50:42.191181723Z]
6019, GPU-fac07577-072e-c021-9ac4-d7dc9b9711af, 14384
290357, GPU-fac07577-072e-c021-9ac4-d7dc9b9711af, 722
[2026-08-09T09:50:42.412372572Z]
6019, GPU-fac07577-072e-c021-9ac4-d7dc9b9711af, 14384
290357, GPU-fac07577-072e-c021-9ac4-d7dc9b9711af, 722
[2026-08-09T09:50:42.633357100Z]
6019, GPU-fac07577-072e-c021-9ac4-d7dc9b9711af, 14384
290357, GPU-fac07577-072e-c021-9ac4-d7dc9b9711af, 722
[2026-08-09T09:50:42.852058386Z]
6019, GPU-fac07577-072e-c021-9ac4-d7dc9b9711af, 14384
290357, GPU-fac07577-072e-c021-9ac4-d7dc9b9711af, 722
[2026-08-09T09:50:43.72449120Z]
6019, GPU-fac07577-072e-c021-9ac4-d7dc9b9711af, 14384
290357, GPU-fac07577-072e-c021-9ac4-d7dc9b9711af, 722
[2026-08-09T09:50:43.294018684Z]
6019, GPU-fac07577-072e-c021-9ac4-d7dc9b9711af, 14384
290357, GPU-fac07577-072e-c021-9ac4-d7dc9b9711af, 722
[2026-08-09T09:50:43.514302916Z]
6019, GPU-fac07577-072e-c021-9ac4-d7dc9b9711af, 14384
290357, GPU-fac07577-072e-c021-9ac4-d7dc9b9711af, 722
