[2026-08-09T10:42:47.694564218Z]
6019, GPU-fac07577-072e-c021-9ac4-d7dc9b9711af, 14384
[2026-08-09T10:42:47.937841779Z]
6019, GPU-fac07577-072e-c021-9ac4-d7dc9b9711af, 14384
[2026-08-09T10:42:48.168676891Z]
6019, GPU-fac07577-072e-c021-9ac4-d7dc9b9711af, 14384
[2026-08-09T10:42:48.388843650Z]
6019, GPU-fac07577-072e-c021-9ac4-d7dc9b9711af, 14384
[2026-08-09T10:42:48.635083435Z]
6019, GPU-fac07577-072e-c021-9ac4-d7dc9b9711af, 14384
390561, GPU-fac07577-072e-c021-9ac4-d7dc9b9711af, 222
[2026-08-09T10:42:48.858146744Z]
6019, GPU-fac07577-072e-c021-9ac4-d7dc9b9711af, 14384
390561, GPU-fac07577-072e-c021-9ac4-d7dc9b9711af, 712
[2026-08-09T10:42:49.77270551Z]
6019, GPU-fac07577-072e-c021-9ac4-d7dc9b9711af, 14384
390561, GPU-fac07577-072e-c021-9ac4-d7dc9b9711af, 712
[2026-08-09T10:42:49.297762826Z]
6019, GPU-fac07577-072e-c021-9ac4-d7dc9b9711af, 14384
390561, GPU-fac07577-072e-c021-9ac4-d7dc9b9711af, 778
[2026-08-09T10:42:49.518193515Z]
6019, GPU-fac07577-072e-c021-9ac4-d7dc9b9711af, 14384
390561, GPU-fac07577-072e-c021-9ac4-d7dc9b9711af, 778
[2026-08-09T10:42:49.740388521Z]
6019, GPU-fac07577-072e-c021-9ac4-d7dc9b9711af, 14384
390561, GPU-fac07577-072e-c021-9ac4-d7dc9b9711af, 778
