{
  "schema_version": 1,
  "status": "PASS",
  "model_id": "sundial-base",
  "repo_id": "thuml/sundial-base-128m",
  "revision": "3212e42564493f520593e5414af4367fc4b49226",
  "snapshot_path": "/mnt/e/env/huggingface/hub/models--thuml--sundial-base-128m/snapshots/3212e42564493f520593e5414af4367fc4b49226",
  "pid": 83745,
  "input_series_count": 7,
  "context_length": 64,
  "prediction_length": 1,
  "num_samples": 1,
  "seed": 42,
  "model_class": "SundialForPrediction",
  "parameter_device": "cuda:0",
  "parameter_dtype": "torch.float32",
  "input_shape": [
    7,
    64
  ],
  "input_device": "cuda:0",
  "output_shape": [
    7,
    1,
    1
  ],
  "output_device": "cuda:0",
  "output_dtype": "torch.float32",
  "output_finite": true,
  "prediction_values": [
    7.113725662231445,
    11.56743335723877,
    16.136613845825195,
    20.572887420654297,
    25.057170867919922,
    29.598812103271484,
    34.0323486328125
  ],
  "inference_iterations": 8,
  "allocated_vram_bytes": 608354816,
  "reserved_vram_bytes": 668991488,
  "peak_vram_bytes": 611804160,
  "cuda_device_name": "NVIDIA GeForce RTX 5070 Ti",
  "compute_capability": [
    12,
    0
  ],
  "cpu_preprocessing": true,
  "cpu_fallback": false
}
