[2026-08-09T09:30:23.835464101Z]
6019, GPU-fac07577-072e-c021-9ac4-d7dc9b9711af, 14384
[2026-08-09T09:30:24.88629937Z]
6019, GPU-fac07577-072e-c021-9ac4-d7dc9b9711af, 14384
[2026-08-09T09:30:24.324221558Z]
6019, GPU-fac07577-072e-c021-9ac4-d7dc9b9711af, 14384
[2026-08-09T09:30:24.555007551Z]
6019, GPU-fac07577-072e-c021-9ac4-d7dc9b9711af, 14384
[2026-08-09T09:30:24.791972860Z]
6019, GPU-fac07577-072e-c021-9ac4-d7dc9b9711af, 14384
242911, GPU-fac07577-072e-c021-9ac4-d7dc9b9711af, 712
[2026-08-09T09:30:25.19357159Z]
6019, GPU-fac07577-072e-c021-9ac4-d7dc9b9711af, 14384
242911, GPU-fac07577-072e-c021-9ac4-d7dc9b9711af, 712
[2026-08-09T09:30:25.245794517Z]
6019, GPU-fac07577-072e-c021-9ac4-d7dc9b9711af, 14384
242911, GPU-fac07577-072e-c021-9ac4-d7dc9b9711af, 712
[2026-08-09T09:30:25.473723606Z]
6019, GPU-fac07577-072e-c021-9ac4-d7dc9b9711af, 14384
242911, GPU-fac07577-072e-c021-9ac4-d7dc9b9711af, 712
[2026-08-09T09:30:25.702027134Z]
6019, GPU-fac07577-072e-c021-9ac4-d7dc9b9711af, 14384
242911, GPU-fac07577-072e-c021-9ac4-d7dc9b9711af, 712
[2026-08-09T09:30:25.931084156Z]
6019, GPU-fac07577-072e-c021-9ac4-d7dc9b9711af, 14384
242911, GPU-fac07577-072e-c021-9ac4-d7dc9b9711af, 712
[2026-08-09T09:30:26.160804964Z]
6019, GPU-fac07577-072e-c021-9ac4-d7dc9b9711af, 14384
242911, GPU-fac07577-072e-c021-9ac4-d7dc9b9711af, 712
[2026-08-09T09:30:26.391347285Z]
6019, GPU-fac07577-072e-c021-9ac4-d7dc9b9711af, 14384
242911, GPU-fac07577-072e-c021-9ac4-d7dc9b9711af, 712
[2026-08-09T09:30:26.621325609Z]
6019, GPU-fac07577-072e-c021-9ac4-d7dc9b9711af, 14384
242911, GPU-fac07577-072e-c021-9ac4-d7dc9b9711af, 712
[2026-08-09T09:30:26.850606204Z]
6019, GPU-fac07577-072e-c021-9ac4-d7dc9b9711af, 14384
242911, GPU-fac07577-072e-c021-9ac4-d7dc9b9711af, 712
[2026-08-09T09:30:27.78427489Z]
6019, GPU-fac07577-072e-c021-9ac4-d7dc9b9711af, 14384
242911, GPU-fac07577-072e-c021-9ac4-d7dc9b9711af, 712
[2026-08-09T09:30:27.304288235Z]
6019, GPU-fac07577-072e-c021-9ac4-d7dc9b9711af, 14384
242911, GPU-fac07577-072e-c021-9ac4-d7dc9b9711af, 712
[2026-08-09T09:30:27.530341667Z]
6019, GPU-fac07577-072e-c021-9ac4-d7dc9b9711af, 14384
242911, GPU-fac07577-072e-c021-9ac4-d7dc9b9711af, 712
[2026-08-09T09:30:27.758234446Z]
6019, GPU-fac07577-072e-c021-9ac4-d7dc9b9711af, 14384
242911, GPU-fac07577-072e-c021-9ac4-d7dc9b9711af, 712
[2026-08-09T09:30:27.983986908Z]
6019, GPU-fac07577-072e-c021-9ac4-d7dc9b9711af, 14384
242911, GPU-fac07577-072e-c021-9ac4-d7dc9b9711af, 712
[2026-08-09T09:30:28.210468509Z]
6019, GPU-fac07577-072e-c021-9ac4-d7dc9b9711af, 14384
242911, GPU-fac07577-072e-c021-9ac4-d7dc9b9711af, 712
[2026-08-09T09:30:28.438907532Z]
6019, GPU-fac07577-072e-c021-9ac4-d7dc9b9711af, 14384
242911, GPU-fac07577-072e-c021-9ac4-d7dc9b9711af, 722
[2026-08-09T09:30:28.665857197Z]
6019, GPU-fac07577-072e-c021-9ac4-d7dc9b9711af, 14384
242911, GPU-fac07577-072e-c021-9ac4-d7dc9b9711af, 722
[2026-08-09T09:30:28.892599460Z]
6019, GPU-fac07577-072e-c021-9ac4-d7dc9b9711af, 14384
242911, GPU-fac07577-072e-c021-9ac4-d7dc9b9711af, 722
[2026-08-09T09:30:29.119691074Z]
6019, GPU-fac07577-072e-c021-9ac4-d7dc9b9711af, 14384
242911, GPU-fac07577-072e-c021-9ac4-d7dc9b9711af, 722
[2026-08-09T09:30:29.346771798Z]
6019, GPU-fac07577-072e-c021-9ac4-d7dc9b9711af, 14384
242911, GPU-fac07577-072e-c021-9ac4-d7dc9b9711af, 722
[2026-08-09T09:30:29.577007617Z]
6019, GPU-fac07577-072e-c021-9ac4-d7dc9b9711af, 14384
242911, GPU-fac07577-072e-c021-9ac4-d7dc9b9711af, 722
[2026-08-09T09:30:29.810702930Z]
6019, GPU-fac07577-072e-c021-9ac4-d7dc9b9711af, 14384
242911, GPU-fac07577-072e-c021-9ac4-d7dc9b9711af, 722
[2026-08-09T09:30:30.39656364Z]
6019, GPU-fac07577-072e-c021-9ac4-d7dc9b9711af, 14384
242911, GPU-fac07577-072e-c021-9ac4-d7dc9b9711af, 722
[2026-08-09T09:30:30.269038539Z]
6019, GPU-fac07577-072e-c021-9ac4-d7dc9b9711af, 14384
242911, GPU-fac07577-072e-c021-9ac4-d7dc9b9711af, 722
[2026-08-09T09:30:30.497123191Z]
6019, GPU-fac07577-072e-c021-9ac4-d7dc9b9711af, 14384
242911, GPU-fac07577-072e-c021-9ac4-d7dc9b9711af, 722
[2026-08-09T09:30:30.724703017Z]
6019, GPU-fac07577-072e-c021-9ac4-d7dc9b9711af, 14384
242911, GPU-fac07577-072e-c021-9ac4-d7dc9b9711af, 722
