[2026-08-09T10:40:06.596856139Z]
6019, GPU-fac07577-072e-c021-9ac4-d7dc9b9711af, 14384
[2026-08-09T10:40:06.834118685Z]
6019, GPU-fac07577-072e-c021-9ac4-d7dc9b9711af, 14384
[2026-08-09T10:40:07.75993387Z]
6019, GPU-fac07577-072e-c021-9ac4-d7dc9b9711af, 14384
[2026-08-09T10:40:07.300674130Z]
6019, GPU-fac07577-072e-c021-9ac4-d7dc9b9711af, 14384
[2026-08-09T10:40:07.523697889Z]
6019, GPU-fac07577-072e-c021-9ac4-d7dc9b9711af, 14384
385600, GPU-fac07577-072e-c021-9ac4-d7dc9b9711af, 222
[2026-08-09T10:40:07.752254685Z]
6019, GPU-fac07577-072e-c021-9ac4-d7dc9b9711af, 14384
385600, GPU-fac07577-072e-c021-9ac4-d7dc9b9711af, 712
[2026-08-09T10:40:07.972724382Z]
6019, GPU-fac07577-072e-c021-9ac4-d7dc9b9711af, 14384
385600, GPU-fac07577-072e-c021-9ac4-d7dc9b9711af, 712
[2026-08-09T10:40:08.194004141Z]
6019, GPU-fac07577-072e-c021-9ac4-d7dc9b9711af, 14384
385600, GPU-fac07577-072e-c021-9ac4-d7dc9b9711af, 712
[2026-08-09T10:40:08.413868963Z]
6019, GPU-fac07577-072e-c021-9ac4-d7dc9b9711af, 14384
385600, GPU-fac07577-072e-c021-9ac4-d7dc9b9711af, 778
[2026-08-09T10:40:08.635318674Z]
6019, GPU-fac07577-072e-c021-9ac4-d7dc9b9711af, 14384
385600, GPU-fac07577-072e-c021-9ac4-d7dc9b9711af, 778
[2026-08-09T10:40:08.858184603Z]
6019, GPU-fac07577-072e-c021-9ac4-d7dc9b9711af, 14384
385600, GPU-fac07577-072e-c021-9ac4-d7dc9b9711af, 778
[2026-08-09T10:40:09.79234057Z]
6019, GPU-fac07577-072e-c021-9ac4-d7dc9b9711af, 14384
385600, GPU-fac07577-072e-c021-9ac4-d7dc9b9711af, 778
[2026-08-09T10:40:09.299816376Z]
6019, GPU-fac07577-072e-c021-9ac4-d7dc9b9711af, 14384
385600, GPU-fac07577-072e-c021-9ac4-d7dc9b9711af, 778
[2026-08-09T10:40:09.520564249Z]
6019, GPU-fac07577-072e-c021-9ac4-d7dc9b9711af, 14384
385600, GPU-fac07577-072e-c021-9ac4-d7dc9b9711af, 778
[2026-08-09T10:40:09.743731799Z]
6019, GPU-fac07577-072e-c021-9ac4-d7dc9b9711af, 14384
385600, GPU-fac07577-072e-c021-9ac4-d7dc9b9711af, 778
[2026-08-09T10:40:09.970703136Z]
6019, GPU-fac07577-072e-c021-9ac4-d7dc9b9711af, 14384
385600, GPU-fac07577-072e-c021-9ac4-d7dc9b9711af, 778
